2023-12-01 00:00:00,558 - DEBUG - 25484 - 26884 - logger.py - debug - 56 - time text
2023-12-01 00:00:01,560 - DEBUG - 25484 - 26884 - logger.py - debug - 56 - time text
2023-12-01 00:00:02,560 - DEBUG - 25484 - 26884 - logger.py - debug - 56 - time text
2023-12-01 00:00:03,561 - DEBUG - 25484 - 26884 - logger.py - debug - 56 - time text
2023-12-01 00:00:04,561 - DEBUG - 25484 - 26884 - logger.py - debug - 56 - time text
2023-12-01 00:00:05,562 - DEBUG - 25484 - 26884 - logger.py - debug - 56 - time text
2023-12-01 00:00:06,562 - DEBUG - 25484 - 26884 - logger.py - debug - 56 - time text
2023-12-01 00:00:07,563 - DEBUG - 25484 - 26884 - logger.py - debug - 56 - time text
2023-12-01 00:00:08,563 - DEBUG - 25484 - 26884 - logger.py - debug - 56 - time text
2023-12-01 00:00:09,568 - DEBUG - 25484 - 26884 - logger.py - debug - 56 - time text
2023-12-01 00:00:10,569 - DEBUG - 25484 - 26884 - logger.py - debug - 56 - time text
2023-12-01 00:00:11,569 - DEBUG - 25484 - 26884 - logger.py - debug - 56 - time text
2023-12-01 00:00:12,570 - DEBUG - 25484 - 26884 - logger.py - debug - 56 - time text
2023-12-01 00:00:13,570 - DEBUG - 25484 - 26884 - logger.py - debug - 56 - time text
2023-12-01 00:00:14,571 - DEBUG - 25484 - 26884 - logger.py - debug - 56 - time text
2023-12-01 00:00:15,571 - DEBUG - 25484 - 26884 - logger.py - debug - 56 - time text
2023-11-30 14:49:09,848 - DEBUG - 16052 - 27368 - logger.py - debug - 54 - time text
2023-11-30 14:49:10,849 - DEBUG - 16052 - 27368 - logger.py - debug - 54 - time text
2023-11-30 14:49:11,849 - DEBUG - 16052 - 27368 - logger.py - debug - 54 - time text
2023-11-30 14:49:12,850 - DEBUG - 16052 - 27368 - logger.py - debug - 54 - time text
2023-11-30 14:49:13,850 - DEBUG - 16052 - 27368 - logger.py - debug - 54 - time text
2023-11-30 14:49:14,851 - DEBUG - 16052 - 27368 - logger.py - debug - 54 - time text
2023-11-30 14:49:15,851 - DEBUG - 16052 - 27368 - logger.py - debug - 54 - time text
2023-11-30 14:49:16,852 - DEBUG - 16052 - 27368 - logger.py - debug - 54 - time text
2023-11-30 14:49:17,852 - DEBUG - 16052 - 27368 - logger.py - debug - 54 - time text
2023-11-30 14:49:18,853 - DEBUG - 16052 - 27368 - logger.py - debug - 54 - time text
2023-11-30 14:49:19,853 - DEBUG - 16052 - 27368 - logger.py - debug - 54 - time text
2023-11-30 14:50:17,712 - DEBUG - 25580 - 14220 - logger.py - debug - 54 - time text
2023-11-30 14:50:18,713 - DEBUG - 25580 - 14220 - logger.py - debug - 54 - time text
2023-11-30 14:50:19,714 - DEBUG - 25580 - 14220 - logger.py - debug - 54 - time text
2023-11-30 14:50:20,714 - DEBUG - 25580 - 14220 - logger.py - debug - 54 - time text
2023-11-30 14:50:28,549 - DEBUG - 4712 - 18072 - logger.py - debug - 54 - time text
2023-11-30 14:50:29,550 - DEBUG - 4712 - 18072 - logger.py - debug - 54 - time text
2023-11-30 14:50:30,551 - DEBUG - 4712 - 18072 - logger.py - debug - 54 - time text
